Processed: 0, sent: 0, failed: 0
Processed: 0, sent: 0, failed: 0
Processed: 0, sent: 0, failed: 0
Processed: 0, sent: 0, failed: 0
Processed: 0, sent: 0, failed: 0
Processed: 0, sent: 0, failed: 0
Processed: 0, sent: 0, failed: 0
Processed: 1, sent: 1, failed: 0
Processed: 0, sent: 0, failed: 0
Processed: 0, sent: 0, failed: 0
Processed: 0, sent: 0, failed: 0
Processed: 0, sent: 0, failed: 0
Processed: 0, sent: 0, failed: 0
Processed: 0, sent: 0, failed: 0
Processed: 0, sent: 0, failed: 0
Processed: 0, sent: 0, failed: 0
Processed: 0, sent: 0, failed: 0
Processed: 0, sent: 0, failed: 0
Processed: 0, sent: 0, failed: 0
Processed: 0, sent: 0, failed: 0
Processed: 0, sent: 0, failed: 0
Processed: 0, sent: 0, failed: 0
Processed: 0, sent: 0, failed: 0
Processed: 0, sent: 0, failed: 0
Processed: 0, sent: 0, failed: 0
PHP Fatal error:  Uncaught Error: Class "MiniApp\Repositories\TaskRepository" not found in /var/www/jarvis/cron/reminders.php:10
Stack trace:
#0 {main}
  thrown in /var/www/jarvis/cron/reminders.php on line 10
Processed: 0, sent: 0, failed: 0
Processed: 0, sent: 0, failed: 0
Processed: 0, sent: 0, failed: 0
Processed: 0, sent: 0, failed: 0
Processed: 0, sent: 0, failed: 0
Processed: 0, sent: 0, failed: 0
Processed: 0, sent: 0, failed: 0
Processed: 0, sent: 0, failed: 0
Processed: 0, sent: 0, failed: 0
Processed: 0, sent: 0, failed: 0
Processed: 0, sent: 0, failed: 0
Processed: 0, sent: 0, failed: 0
Processed: 0, sent: 0, failed: 0
Processed: 0, sent: 0, failed: 0
Processed: 0, sent: 0, failed: 0
Processed: 0, sent: 0, failed: 0
Processed: 0, sent: 0, failed: 0
Processed: 0, sent: 0, failed: 0
Processed: 0, sent: 0, failed: 0
Processed: 0, sent: 0, failed: 0
Processed: 0, sent: 0, failed: 0
Processed: 0, sent: 0, failed: 0
Processed: 0, sent: 0, failed: 0
Processed: 0, sent: 0, failed: 0
Processed: 0, sent: 0, failed: 0
Processed: 0, sent: 0, failed: 0
Processed: 0, sent: 0, failed: 0
Processed: 0, sent: 0, failed: 0
Processed: 0, sent: 0, failed: 0
Processed: 0, sent: 0, failed: 0
Processed: 0, sent: 0, failed: 0
Processed: 0, sent: 0, failed: 0
